
/home/runner/work/exp-linear-transformation-matrices-dei/exp-linear-transformation-matrices-dei/experiment/simulation/js/js1.js
    1:10  warning  'b1' is defined but never used            no-unused-vars
    4:10  warning  'b2' is defined but never used            no-unused-vars
    7:10  warning  'e1e2' is defined but never used          no-unused-vars
   12:10  warning  'showGeometry' is defined but never used  no-unused-vars
   16:10  warning  'checkAnswer1' is defined but never used  no-unused-vars
   41:10  warning  'checkAnswer2' is defined but never used  no-unused-vars
   65:10  warning  'checkAnswer3' is defined but never used  no-unused-vars
   89:10  warning  'checkAnswer4' is defined but never used  no-unused-vars
  113:10  warning  'checkAnswer5' is defined but never used  no-unused-vars
  137:10  warning  'checkAnswer6' is defined but never used  no-unused-vars
  162:10  warning  'checkAnswer' is defined but never used   no-unused-vars

/home/runner/work/exp-linear-transformation-matrices-dei/exp-linear-transformation-matrices-dei/experiment/simulation/js/js2.js
   5:14   warning  'showbasis' is defined but never used           no-unused-vars
  47:14   warning  'showTransformation' is defined but never used  no-unused-vars
  59:9    warning  'bt' is not defined                             no-undef
  60:9    warning  'al' is not defined                             no-undef
  60:24   warning  'bt' is not defined                             no-undef
  62:80   warning  'al' is not defined                             no-undef
  62:99   warning  'bt' is not defined                             no-undef
  64:133  warning  'al' is not defined                             no-undef
  64:145  warning  'bt' is not defined                             no-undef
  65:9    warning  'MathJax' is not defined                        no-undef
  65:39   warning  'MathJax' is not defined                        no-undef

/home/runner/work/exp-linear-transformation-matrices-dei/exp-linear-transformation-matrices-dei/experiment/simulation/js/js3.js
    1:14  warning  'sbmtmatrix' is defined but never used       no-unused-vars
   24:9   warning  'MathJax' is not defined                     no-undef
   24:39  warning  'MathJax' is not defined                     no-undef
   27:14  warning  'sbmtb1' is defined but never used           no-unused-vars
   63:14  warning  'sbmtb2' is defined but never used           no-unused-vars
  102:14  warning  'ltdetails' is defined but never used        no-unused-vars
  108:13  warning  'f11val' is assigned a value but never used  no-unused-vars
  109:13  warning  'f12val' is assigned a value but never used  no-unused-vars
  110:13  warning  'f21val' is assigned a value but never used  no-unused-vars
  111:13  warning  'f22val' is assigned a value but never used  no-unused-vars
  178:14  warning  'explain' is defined but never used          no-unused-vars
  206:13  warning  'tf1val1' is already defined                 no-redeclare
  207:13  warning  'tf1val2' is already defined                 no-redeclare
  208:13  warning  'tf2val1' is already defined                 no-redeclare
  209:13  warning  'tf2val2' is already defined                 no-redeclare

✖ 37 problems (0 errors, 37 warnings)

